2026-07-18 00:32:27.366 | INFO     | app.core.bootstrap:start:8 - ============================================================
2026-07-18 00:32:27.366 | INFO     | app.core.bootstrap:start:9 - Starting Nexus AI
2026-07-18 00:32:27.366 | INFO     | app.core.bootstrap:start:10 - Version : 0.1.0
2026-07-18 00:32:27.366 | INFO     | app.core.bootstrap:start:11 - Bootstrap completed successfully.
2026-07-18 00:32:27.366 | INFO     | app.core.bootstrap:start:12 - ============================================================
2026-07-18 01:02:56.199 | INFO     | app.core.bootstrap:start:8 - ============================================================
2026-07-18 01:02:56.199 | INFO     | app.core.bootstrap:start:9 - Starting Nexus AI
2026-07-18 01:04:36.533 | INFO     | app.core.bootstrap:start:7 - ============================================================
2026-07-18 01:04:36.533 | INFO     | app.core.bootstrap:start:8 - Starting Nexus AI
2026-07-18 01:04:36.533 | INFO     | app.core.bootstrap:start:9 - Version : 0.1.0
2026-07-18 01:04:36.533 | INFO     | app.core.bootstrap:start:10 - Environment : development
2026-07-18 01:04:36.533 | INFO     | app.core.bootstrap:start:11 - Bootstrap completed successfully.
2026-07-18 01:04:36.533 | INFO     | app.core.bootstrap:start:12 - ============================================================
2026-07-18 13:33:29.832 | INFO     | app.core.bootstrap:start:11 - ============================================================
2026-07-18 13:33:29.832 | INFO     | app.core.bootstrap:start:12 - Starting Nexus AI
2026-07-18 13:33:29.845 | INFO     | app.core.bootstrap:start:13 - Version : 0.1.0
2026-07-18 13:33:29.846 | INFO     | app.core.bootstrap:start:14 - Environment : development
2026-07-18 13:33:29.846 | INFO     | app.core.bootstrap:start:15 - Registered Services : ['logger', 'settings']
2026-07-18 13:33:29.848 | INFO     | app.core.bootstrap:start:16 - Bootstrap completed successfully.
2026-07-18 13:33:29.849 | INFO     | app.core.bootstrap:start:17 - ============================================================
2026-07-18 13:37:25.534 | INFO     | app.core.bootstrap:start:20 - ============================================================
2026-07-18 13:37:25.534 | INFO     | app.core.bootstrap:start:21 - Starting Nexus AI
2026-07-18 13:37:25.534 | INFO     | app.core.bootstrap:start:22 - Version : 0.1.0
2026-07-18 13:37:25.534 | INFO     | app.core.bootstrap:start:23 - Environment : development
2026-07-18 13:37:25.534 | INFO     | app.core.bootstrap:start:24 - Registered Services : ['event_bus', 'logger', 'settings']
2026-07-18 13:37:25.534 | INFO     | app.core.bootstrap:startup_listener:16 - Event Received -> startup
2026-07-18 13:37:25.534 | INFO     | app.core.bootstrap:start:28 - Bootstrap completed successfully.
2026-07-18 13:37:25.534 | INFO     | app.core.bootstrap:start:29 - ============================================================
2026-07-18 13:47:53.395 | INFO     | app.core.bootstrap:start:27 - ============================================================
2026-07-18 13:47:53.395 | INFO     | app.core.bootstrap:start:28 - Starting Nexus AI
2026-07-18 13:47:53.395 | INFO     | app.core.bootstrap:start:29 - Version : 0.1.0
2026-07-18 13:47:53.400 | INFO     | app.core.bootstrap:start:30 - Environment : development
2026-07-18 13:47:53.401 | INFO     | app.core.bootstrap:start:31 - Registered Services : ['event_bus', 'logger', 'settings']
2026-07-18 13:47:53.404 | INFO     | app.core.bootstrap:start:32 - Registry : ['settings', 'logger', 'event_bus']
2026-07-18 13:47:53.407 | INFO     | app.core.bootstrap:startup_listener:22 - Event Received -> startup
2026-07-18 13:47:53.408 | INFO     | app.core.bootstrap:start:37 - Bootstrap completed successfully.
2026-07-18 13:47:53.409 | INFO     | app.core.bootstrap:start:38 - ============================================================
2026-07-18 13:53:48.862 | INFO     | app.core.bootstrap:start:29 - ============================================================
2026-07-18 13:53:48.862 | INFO     | app.core.bootstrap:start:30 - Starting Nexus AI
2026-07-18 13:53:48.862 | INFO     | app.core.bootstrap:start:31 - Version : 0.1.0
2026-07-18 13:53:48.862 | INFO     | app.core.bootstrap:start:32 - Environment : development
2026-07-18 13:53:48.862 | INFO     | app.core.bootstrap:start:33 - Registered Services : ['event_bus', 'logger', 'plugin_loader', 'settings']
2026-07-18 13:53:48.872 | INFO     | app.core.bootstrap:start:34 - Registry : ['settings', 'logger', 'event_bus', 'plugin_loader']
2026-07-18 13:53:48.873 | INFO     | app.core.bootstrap:startup_listener:24 - Event Received -> startup
2026-07-18 13:53:48.874 | INFO     | app.core.bootstrap:start:39 - Bootstrap completed successfully.
2026-07-18 13:53:48.875 | INFO     | app.core.bootstrap:start:40 - ============================================================
2026-09-13 23:17:31.830 | INFO     | app.core.bootstrap:start:48 - ============================================================
2026-09-13 23:17:31.833 | INFO     | app.core.bootstrap:start:49 - Starting Nexus AI
2026-09-13 23:17:31.843 | INFO     | app.core.bootstrap:start:50 - Version : 0.1.0
2026-09-13 23:17:31.844 | INFO     | app.core.bootstrap:start:51 - Environment : development
2026-09-13 23:17:31.844 | INFO     | app.core.bootstrap:start:52 - Registered Services : ['confirmation_manager', 'event_bus', 'logger', 'plugin_loader', 'settings', 'tool_executor', 'workspace_policy']
2026-09-13 23:17:31.844 | INFO     | app.core.bootstrap:start:53 - Registry : ['settings', 'logger', 'event_bus', 'plugin_loader', 'workspace_policy', 'confirmation_manager', 'tool_executor', 'coding_agent_factory']
2026-09-13 23:17:31.857 | INFO     | app.core.bootstrap:startup_listener:43 - Event Received -> startup
2026-09-13 23:17:31.860 | INFO     | app.core.bootstrap:start:58 - Bootstrap completed successfully.
2026-09-13 23:17:31.860 | INFO     | app.core.bootstrap:start:59 - ============================================================
